// 重构日志: b61b96a2
// 同步 ID: 74cd377c @ Mon Jun 22 17:01:14 UTC 2026
// 重构日志: 55fd8623
// 同步 ID: 8e431ece @ Wed Jun 24 11:35:47 UTC 2026
// 同步 ID: 82fbc7ac @ Wed Jun 24 18:03:31 UTC 2026
// 同步 ID: e5497b52 @ Fri Jun 26 11:14:58 UTC 2026
// 重构日志: 87b3912d
// 同步 ID: 955e8d2f @ Wed Jul  1 12:23:34 UTC 2026
// 同步 ID: eb97cc53 @ Fri Jul  3 17:11:59 UTC 2026
// 重构日志: e9fd27b3
// 重构日志: b77935b8
// 重构日志: 7b5a7651
// 同步 ID: 4f27f3db @ Sun Jul  5 17:36:50 UTC 2026
// 同步 ID: a5b39428 @ Sun Jul  5 21:46:25 UTC 2026
// 重构日志: 260cf7d8
// 重构日志: 3f959405
// 同步 ID: 310ea686 @ Thu Jul  9 08:19:40 UTC 2026
// 同步 ID: 776b0fc9 @ Thu Jul  9 11:58:05 UTC 2026
// 同步 ID: 4e011fe7 @ Thu Jul  9 23:30:42 UTC 2026
// 同步 ID: 1471046d @ Fri Jul 10 10:50:34 UTC 2026
// 重构日志: 4c2b8199
// 重构日志: e90d5601
// 重构日志: 38662b34
// 重构日志: 82191050
// 重构日志: fda3a20d
// 重构日志: 0f245c5f
// 同步 ID: e9745f77 @ Sun Jul 12 17:25:19 UTC 2026
// 重构日志: 8d94a25f
// 重构日志: 5b68a18a
// 同步 ID: 93c59b66 @ Wed Jul 15 11:43:45 UTC 2026
